
Discarded input sections

 .data          0x00000000        0x0 build/obj/crt0_v7m.o
 .bss           0x00000000        0x0 build/obj/crt0_v7m.o
 .data          0x00000000        0x0 build/obj/chcoreasm_v7m.o
 .bss           0x00000000        0x0 build/obj/chcoreasm_v7m.o
 .text          0x00000000        0x0 build/obj/crt1.o (symbol from plugin)
 .text          0x00000000        0x0 C:\Users\user\AppData\Local\Temp\ccSPq1AH.ltrans0.ltrans.o
 .data          0x00000000        0x0 C:\Users\user\AppData\Local\Temp\ccSPq1AH.ltrans0.ltrans.o
 .bss           0x00000000        0x0 C:\Users\user\AppData\Local\Temp\ccSPq1AH.ltrans0.ltrans.o
 .text          0x00000000        0x0 C:\Users\user\AppData\Local\Temp\ccSPq1AH.ltrans1.ltrans.o
 .data          0x00000000        0x0 C:\Users\user\AppData\Local\Temp\ccSPq1AH.ltrans1.ltrans.o
 .bss           0x00000000        0x0 C:\Users\user\AppData\Local\Temp\ccSPq1AH.ltrans1.ltrans.o
 .text          0x00000000        0x0 C:\Users\user\AppData\Local\Temp\ccSPq1AH.ltrans2.ltrans.o
 .data          0x00000000        0x0 C:\Users\user\AppData\Local\Temp\ccSPq1AH.ltrans2.ltrans.o
 .bss           0x00000000        0x0 C:\Users\user\AppData\Local\Temp\ccSPq1AH.ltrans2.ltrans.o
 .text          0x00000000        0x0 build/obj/vectors.o (symbol from plugin)
 .text          0x00000000        0x0 build/obj/chsys.o (symbol from plugin)
 .text          0x00000000        0x0 build/obj/chdebug.o (symbol from plugin)
 .text          0x00000000        0x0 build/obj/chtrace.o (symbol from plugin)
 .text          0x00000000        0x0 build/obj/chvt.o (symbol from plugin)
 .text          0x00000000        0x0 build/obj/chschd.o (symbol from plugin)
 .text          0x00000000        0x0 build/obj/chthreads.o (symbol from plugin)
 .text          0x00000000        0x0 build/obj/chtm.o (symbol from plugin)
 .text          0x00000000        0x0 build/obj/chregistry.o (symbol from plugin)
 .text          0x00000000        0x0 build/obj/chsem.o (symbol from plugin)
 .text          0x00000000        0x0 build/obj/chmtx.o (symbol from plugin)
 .text          0x00000000        0x0 build/obj/chcond.o (symbol from plugin)
 .text          0x00000000        0x0 build/obj/chevents.o (symbol from plugin)
 .text          0x00000000        0x0 build/obj/chmsg.o (symbol from plugin)
 .text          0x00000000        0x0 build/obj/chdynamic.o (symbol from plugin)
 .text          0x00000000        0x0 build/obj/chmboxes.o (symbol from plugin)
 .text          0x00000000        0x0 build/obj/chmemcore.o (symbol from plugin)
 .text          0x00000000        0x0 build/obj/chheap.o (symbol from plugin)
 .text          0x00000000        0x0 build/obj/chmempools.o (symbol from plugin)
 .text          0x00000000        0x0 build/obj/chcore.o (symbol from plugin)
 .text          0x00000000        0x0 build/obj/chcore_v7m.o (symbol from plugin)
 .text          0x00000000        0x0 build/obj/osal.o (symbol from plugin)
 .text          0x00000000        0x0 build/obj/hal.o (symbol from plugin)
 .text          0x00000000        0x0 build/obj/hal_st.o (symbol from plugin)
 .text          0x00000000        0x0 build/obj/hal_buffers.o (symbol from plugin)
 .text          0x00000000        0x0 build/obj/hal_queues.o (symbol from plugin)
 .text          0x00000000        0x0 build/obj/hal_mmcsd.o (symbol from plugin)
 .text          0x00000000        0x0 build/obj/hal_adc.o (symbol from plugin)
 .text          0x00000000        0x0 build/obj/hal_gpt.o (symbol from plugin)
 .text          0x00000000        0x0 build/obj/hal_pal.o (symbol from plugin)
 .text          0x00000000        0x0 build/obj/hal_serial.o (symbol from plugin)
 .text          0x00000000        0x0 build/obj/nvic.o (symbol from plugin)
 .text          0x00000000        0x0 build/obj/hal_lld.o (symbol from plugin)
 .text          0x00000000        0x0 build/obj/hal_adc_lld.o (symbol from plugin)
 .text          0x00000000        0x0 build/obj/stm32_dma.o (symbol from plugin)
 .text          0x00000000        0x0 build/obj/hal_pal_lld.o (symbol from plugin)
 .text          0x00000000        0x0 build/obj/hal_st_lld.o (symbol from plugin)
 .text          0x00000000        0x0 build/obj/hal_gpt_lld.o (symbol from plugin)
 .text          0x00000000        0x0 build/obj/hal_serial_lld.o (symbol from plugin)
 .text          0x00000000        0x0 build/obj/board.o (symbol from plugin)
 .text          0x00000000        0x0 build/obj/chprintf.o (symbol from plugin)
 .text          0x00000000        0x0 build/obj/memstreams.o (symbol from plugin)
 .text          0x00000000        0x0 build/obj/nullstreams.o (symbol from plugin)
 .text          0x00000000        0x0 build/obj/main.o (symbol from plugin)

Memory Configuration

Name             Origin             Length             Attributes
flash0           0x08000000         0x00080000
flash1           0x00000000         0x00000000
flash2           0x00000000         0x00000000
flash3           0x00000000         0x00000000
flash4           0x00000000         0x00000000
flash5           0x00000000         0x00000000
flash6           0x00000000         0x00000000
flash7           0x00000000         0x00000000
ram0             0x20000000         0x00018000
ram1             0x00000000         0x00000000
ram2             0x00000000         0x00000000
ram3             0x00000000         0x00000000
ram4             0x00000000         0x00000000
ram5             0x00000000         0x00000000
ram6             0x00000000         0x00000000
ram7             0x00000000         0x00000000
*default*        0x00000000         0xffffffff

Linker script and memory map

LOAD build/obj/crt0_v7m.o
LOAD build/obj/chcoreasm_v7m.o
LOAD build/obj/crt1.o
LOAD C:\Users\user\AppData\Local\Temp\ccSPq1AH.ltrans0.ltrans.o
LOAD C:\Users\user\AppData\Local\Temp\ccSPq1AH.ltrans1.ltrans.o
LOAD C:\Users\user\AppData\Local\Temp\ccSPq1AH.ltrans2.ltrans.o
LOAD build/obj/vectors.o
LOAD build/obj/chsys.o
LOAD build/obj/chdebug.o
LOAD build/obj/chtrace.o
LOAD build/obj/chvt.o
LOAD build/obj/chschd.o
LOAD build/obj/chthreads.o
LOAD build/obj/chtm.o
LOAD build/obj/chregistry.o
LOAD build/obj/chsem.o
LOAD build/obj/chmtx.o
LOAD build/obj/chcond.o
LOAD build/obj/chevents.o
LOAD build/obj/chmsg.o
LOAD build/obj/chdynamic.o
LOAD build/obj/chmboxes.o
LOAD build/obj/chmemcore.o
LOAD build/obj/chheap.o
LOAD build/obj/chmempools.o
LOAD build/obj/chcore.o
LOAD build/obj/chcore_v7m.o
LOAD build/obj/osal.o
LOAD build/obj/hal.o
LOAD build/obj/hal_st.o
LOAD build/obj/hal_buffers.o
LOAD build/obj/hal_queues.o
LOAD build/obj/hal_mmcsd.o
LOAD build/obj/hal_adc.o
LOAD build/obj/hal_gpt.o
LOAD build/obj/hal_pal.o
LOAD build/obj/hal_serial.o
LOAD build/obj/nvic.o
LOAD build/obj/hal_lld.o
LOAD build/obj/hal_adc_lld.o
LOAD build/obj/stm32_dma.o
LOAD build/obj/hal_pal_lld.o
LOAD build/obj/hal_st_lld.o
LOAD build/obj/hal_gpt_lld.o
LOAD build/obj/hal_serial_lld.o
LOAD build/obj/board.o
LOAD build/obj/chprintf.o
LOAD build/obj/memstreams.o
LOAD build/obj/nullstreams.o
LOAD build/obj/main.o

.mstack         0x20000000      0x400
                0x20000000                . = ALIGN (0x8)
                0x20000000                __main_stack_base__ = .
                0x20000400                . = (. + __main_stack_size__)
 *fill*         0x20000000      0x400 
                0x20000400                . = ALIGN (0x8)
                0x20000400                __main_stack_end__ = .

.pstack         0x20000400      0x400
                0x20000400                __process_stack_base__ = .
                0x20000400                __main_thread_stack_base__ = .
                0x20000800                . = (. + __process_stack_size__)
 *fill*         0x20000400      0x400 
                0x20000800                . = ALIGN (0x8)
                0x20000800                __process_stack_end__ = .
                0x20000800                __main_thread_stack_end__ = .

.vectors        0x08000000      0x1c0
 *(.vectors)
 .vectors       0x08000000      0x1c0 C:\Users\user\AppData\Local\Temp\ccSPq1AH.ltrans1.ltrans.o
                0x08000000                _vectors

.xtors          0x080001c0        0x0
                0x080001c0                __init_array_start = .
 *(SORT(.init_array.*))
 *(.init_array)
                0x080001c0                __init_array_end = .
                0x080001c0                __fini_array_start = .
 *(.fini_array)
 *(SORT(.fini_array.*))
                0x080001c0                __fini_array_end = .

.text           0x080001c0     0x1db0
 *(.text)
 .text          0x080001c0       0xd4 build/obj/crt0_v7m.o
                0x080001c0                Reset_Handler
 .text          0x08000294       0x28 build/obj/chcoreasm_v7m.o
                0x08000294                _port_switch
                0x080002a4                _port_thread_start
                0x080002b4                _port_switch_from_isr
                0x080002b8                _port_exit_from_isr
 *(.text.*)
 *fill*         0x080002bc        0x4 
 .text.SVC_Handler
                0x080002c0       0x1c C:\Users\user\AppData\Local\Temp\ccSPq1AH.ltrans0.ltrans.o
                0x080002c0                SVC_Handler
 *fill*         0x080002dc        0x4 
 .text.chCoreAllocAligned
                0x080002e0       0x40 C:\Users\user\AppData\Local\Temp\ccSPq1AH.ltrans0.ltrans.o
                0x080002e0                chCoreAllocAligned
 .text.wakeup   0x08000320       0x70 C:\Users\user\AppData\Local\Temp\ccSPq1AH.ltrans0.ltrans.o
 .text._idle_thread.lto_priv.45
                0x08000390        0x4 C:\Users\user\AppData\Local\Temp\ccSPq1AH.ltrans0.ltrans.o
                0x08000390                _idle_thread.lto_priv.45
 *fill*         0x08000394        0xc 
 .text.chSchGoSleepS
                0x080003a0       0x28 C:\Users\user\AppData\Local\Temp\ccSPq1AH.ltrans0.ltrans.o
 *fill*         0x080003c8        0x8 
 .text._pal_lld_setgroupmode
                0x080003d0       0xd0 C:\Users\user\AppData\Local\Temp\ccSPq1AH.ltrans0.ltrans.o
                0x080003d0                _pal_lld_setgroupmode
 .text._port_irq_epilogue
                0x080004a0       0x5c C:\Users\user\AppData\Local\Temp\ccSPq1AH.ltrans0.ltrans.o
                0x080004a0                _port_irq_epilogue
 *fill*         0x080004fc        0x4 
 .text.Vector158
                0x08000500       0x2c C:\Users\user\AppData\Local\Temp\ccSPq1AH.ltrans0.ltrans.o
                0x08000500                Vector158
 *fill*         0x0800052c        0x4 
 .text.Vector154
                0x08000530       0x2c C:\Users\user\AppData\Local\Temp\ccSPq1AH.ltrans0.ltrans.o
                0x08000530                Vector154
 *fill*         0x0800055c        0x4 
 .text.Vector150
                0x08000560       0x2c C:\Users\user\AppData\Local\Temp\ccSPq1AH.ltrans0.ltrans.o
                0x08000560                Vector150
 *fill*         0x0800058c        0x4 
 .text.Vector130
                0x08000590       0x28 C:\Users\user\AppData\Local\Temp\ccSPq1AH.ltrans0.ltrans.o
                0x08000590                Vector130
 *fill*         0x080005b8        0x8 
 .text.Vector12C
                0x080005c0       0x2c C:\Users\user\AppData\Local\Temp\ccSPq1AH.ltrans0.ltrans.o
                0x080005c0                Vector12C
 *fill*         0x080005ec        0x4 
 .text.Vector128
                0x080005f0       0x2c C:\Users\user\AppData\Local\Temp\ccSPq1AH.ltrans0.ltrans.o
                0x080005f0                Vector128
 *fill*         0x0800061c        0x4 
 .text.Vector124
                0x08000620       0x2c C:\Users\user\AppData\Local\Temp\ccSPq1AH.ltrans0.ltrans.o
                0x08000620                Vector124
 *fill*         0x0800064c        0x4 
 .text.Vector120
                0x08000650       0x28 C:\Users\user\AppData\Local\Temp\ccSPq1AH.ltrans0.ltrans.o
                0x08000650                Vector120
 *fill*         0x08000678        0x8 
 .text.VectorFC
                0x08000680       0x2c C:\Users\user\AppData\Local\Temp\ccSPq1AH.ltrans0.ltrans.o
                0x08000680                VectorFC
 *fill*         0x080006ac        0x4 
 .text.Vector84
                0x080006b0       0x2c C:\Users\user\AppData\Local\Temp\ccSPq1AH.ltrans0.ltrans.o
                0x080006b0                Vector84
 *fill*         0x080006dc        0x4 
 .text.Vector80
                0x080006e0       0x2c C:\Users\user\AppData\Local\Temp\ccSPq1AH.ltrans0.ltrans.o
                0x080006e0                Vector80
 *fill*         0x0800070c        0x4 
 .text.Vector7C
                0x08000710       0x28 C:\Users\user\AppData\Local\Temp\ccSPq1AH.ltrans0.ltrans.o
                0x08000710                Vector7C
 *fill*         0x08000738        0x8 
 .text.Vector78
                0x08000740       0x2c C:\Users\user\AppData\Local\Temp\ccSPq1AH.ltrans0.ltrans.o
                0x08000740                Vector78
 *fill*         0x0800076c        0x4 
 .text.Vector74
                0x08000770       0x2c C:\Users\user\AppData\Local\Temp\ccSPq1AH.ltrans0.ltrans.o
                0x08000770                Vector74
 *fill*         0x0800079c        0x4 
 .text.Vector70
                0x080007a0       0x2c C:\Users\user\AppData\Local\Temp\ccSPq1AH.ltrans0.ltrans.o
                0x080007a0                Vector70
 *fill*         0x080007cc        0x4 
 .text.Vector6C
                0x080007d0       0x28 C:\Users\user\AppData\Local\Temp\ccSPq1AH.ltrans0.ltrans.o
                0x080007d0                Vector6C
 *fill*         0x080007f8        0x8 
 .text.chTMStopMeasurementX
                0x08000800       0x44 C:\Users\user\AppData\Local\Temp\ccSPq1AH.ltrans0.ltrans.o
                0x08000800                chTMStopMeasurementX
 *fill*         0x08000844        0xc 
 .text.chSchDoReschedule
                0x08000850       0x40 C:\Users\user\AppData\Local\Temp\ccSPq1AH.ltrans0.ltrans.o
                0x08000850                chSchDoReschedule
 .text.chSchGoSleepTimeoutS
                0x08000890      0x114 C:\Users\user\AppData\Local\Temp\ccSPq1AH.ltrans0.ltrans.o
                0x08000890                chSchGoSleepTimeoutS
 *fill*         0x080009a4        0xc 
 .text.chThdEnqueueTimeoutS
                0x080009b0       0x28 C:\Users\user\AppData\Local\Temp\ccSPq1AH.ltrans0.ltrans.o
 *fill*         0x080009d8        0x8 
 .text.oqWriteTimeout
                0x080009e0       0xac C:\Users\user\AppData\Local\Temp\ccSPq1AH.ltrans0.ltrans.o
 *fill*         0x08000a8c        0x4 
 .text._writet.lto_priv.43
                0x08000a90        0x8 C:\Users\user\AppData\Local\Temp\ccSPq1AH.ltrans0.ltrans.o
                0x08000a90                _writet.lto_priv.43
 *fill*         0x08000a98        0x8 
 .text._write.lto_priv.37
                0x08000aa0        0xc C:\Users\user\AppData\Local\Temp\ccSPq1AH.ltrans0.ltrans.o
                0x08000aa0                _write.lto_priv.37
 *fill*         0x08000aac        0x4 
 .text.oqPutTimeout
                0x08000ab0       0x54 C:\Users\user\AppData\Local\Temp\ccSPq1AH.ltrans0.ltrans.o
 *fill*         0x08000b04        0xc 
 .text._putt.lto_priv.41
                0x08000b10        0x8 C:\Users\user\AppData\Local\Temp\ccSPq1AH.ltrans0.ltrans.o
                0x08000b10                _putt.lto_priv.41
 *fill*         0x08000b18        0x8 
 .text._put.lto_priv.39
                0x08000b20        0xc C:\Users\user\AppData\Local\Temp\ccSPq1AH.ltrans0.ltrans.o
                0x08000b20                _put.lto_priv.39
 *fill*         0x08000b2c        0x4 
 .text.iqReadTimeout
                0x08000b30       0xac C:\Users\user\AppData\Local\Temp\ccSPq1AH.ltrans0.ltrans.o
 *fill*         0x08000bdc        0x4 
 .text._readt.lto_priv.44
                0x08000be0        0x8 C:\Users\user\AppData\Local\Temp\ccSPq1AH.ltrans0.ltrans.o
                0x08000be0                _readt.lto_priv.44
 *fill*         0x08000be8        0x8 
 .text._read.lto_priv.38
                0x08000bf0        0xc C:\Users\user\AppData\Local\Temp\ccSPq1AH.ltrans0.ltrans.o
                0x08000bf0                _read.lto_priv.38
 *fill*         0x08000bfc        0x4 
 .text.iqGetTimeout
                0x08000c00       0x54 C:\Users\user\AppData\Local\Temp\ccSPq1AH.ltrans0.ltrans.o
 *fill*         0x08000c54        0xc 
 .text._gett.lto_priv.42
                0x08000c60        0x8 C:\Users\user\AppData\Local\Temp\ccSPq1AH.ltrans0.ltrans.o
                0x08000c60                _gett.lto_priv.42
 *fill*         0x08000c68        0x8 
 .text._get.lto_priv.40
                0x08000c70        0xc C:\Users\user\AppData\Local\Temp\ccSPq1AH.ltrans0.ltrans.o
                0x08000c70                _get.lto_priv.40
 *fill*         0x08000c7c        0x4 
 .text.chSchReadyI
                0x08000c80       0x2c C:\Users\user\AppData\Local\Temp\ccSPq1AH.ltrans0.ltrans.o
                0x08000c80                chSchReadyI
 *fill*         0x08000cac        0x4 
 .text.Vector88
                0x08000cb0       0x94 C:\Users\user\AppData\Local\Temp\ccSPq1AH.ltrans0.ltrans.o
                0x08000cb0                Vector88
 *fill*         0x08000d44        0xc 
 .text.adc_lld_serve_rx_interrupt.lto_priv.36
                0x08000d50      0x12c C:\Users\user\AppData\Local\Temp\ccSPq1AH.ltrans0.ltrans.o
                0x08000d50                adc_lld_serve_rx_interrupt.lto_priv.36
 *fill*         0x08000e7c        0x4 
 .text.chThdExit
                0x08000e80       0x50 C:\Users\user\AppData\Local\Temp\ccSPq1AH.ltrans0.ltrans.o
                0x08000e80                chThdExit
 .text._unhandled_exception
                0x08000ed0        0x4 C:\Users\user\AppData\Local\Temp\ccSPq1AH.ltrans0.ltrans.o
                0x08000ed0                Vector58
                0x08000ed0                VectorE8
                0x08000ed0                Vector9C
                0x08000ed0                VectorAC
                0x08000ed0                DebugMon_Handler
                0x08000ed0                Vector1A0
                0x08000ed0                Vector5C
                0x08000ed0                Vector11C
                0x08000ed0                HardFault_Handler
                0x08000ed0                Vector1B8
                0x08000ed0                Vector19C
                0x08000ed0                Vector8C
                0x08000ed0                SysTick_Handler
                0x08000ed0                VectorDC
                0x08000ed0                PendSV_Handler
                0x08000ed0                Vector168
                0x08000ed0                NMI_Handler
                0x08000ed0                Vector110
                0x08000ed0                VectorC8
                0x08000ed0                Vector94
                0x08000ed0                VectorA8
                0x08000ed0                VectorB4
                0x08000ed0                Vector160
                0x08000ed0                Vector1B0
                0x08000ed0                UsageFault_Handler
                0x08000ed0                VectorEC
                0x08000ed0                Vector40
                0x08000ed0                VectorF8
                0x08000ed0                Vector108
                0x08000ed0                VectorBC
                0x08000ed0                Vector190
                0x08000ed0                Vector148
                0x08000ed0                Vector188
                0x08000ed0                Vector198
                0x08000ed0                Vector118
                0x08000ed0                Vector64
                0x08000ed0                VectorCC
                0x08000ed0                Vector54
                0x08000ed0                Vector98
                0x08000ed0                Vector138
                0x08000ed0                Vector24
                0x08000ed0                Vector1AC
                0x08000ed0                Vector178
                0x08000ed0                Vector1A4
                0x08000ed0                VectorD0
                0x08000ed0                Vector1B4
                0x08000ed0                Vector140
                0x08000ed0                VectorE4
                0x08000ed0                VectorC0
                0x08000ed0                Vector134
                0x08000ed0                VectorF0
                0x08000ed0                Vector13C
                0x08000ed0                Vector100
                0x08000ed0                VectorE0
                0x08000ed0                VectorF4
                0x08000ed0                MemManage_Handler
                0x08000ed0                VectorA0
                0x08000ed0                VectorC4
                0x08000ed0                Vector180
                0x08000ed0                Vector90
                0x08000ed0                Vector114
                0x08000ed0                Vector164
                0x08000ed0                Vector60
                0x08000ed0                Vector1C
                0x08000ed0                Vector1BC
                0x08000ed0                Vector17C
                0x08000ed0                Vector48
                0x08000ed0                Vector1A8
                0x08000ed0                Vector16C
                0x08000ed0                VectorD4
                0x08000ed0                Vector4C
                0x08000ed0                Vector144
                0x08000ed0                Vector15C
                0x08000ed0                Vector68
                0x08000ed0                _unhandled_exception
                0x08000ed0                Vector170
                0x08000ed0                Vector104
                0x08000ed0                Vector184
                0x08000ed0                Vector10C
                0x08000ed0                Vector14C
                0x08000ed0                BusFault_Handler
                0x08000ed0                Vector50
                0x08000ed0                Vector194
                0x08000ed0                Vector44
                0x08000ed0                Vector28
                0x08000ed0                Vector34
                0x08000ed0                VectorA4
                0x08000ed0                Vector20
                0x08000ed0                Vector18C
                0x08000ed0                Vector174
 *fill*         0x08000ed4        0xc 
 .text.__init_ram_areas
                0x08000ee0       0x60 C:\Users\user\AppData\Local\Temp\ccSPq1AH.ltrans0.ltrans.o
                0x08000ee0                __init_ram_areas
 .text.__default_exit
                0x08000f40        0x4 C:\Users\user\AppData\Local\Temp\ccSPq1AH.ltrans0.ltrans.o
                0x08000f40                __default_exit
 *fill*         0x08000f44        0xc 
 .text.__late_init
                0x08000f50        0x4 C:\Users\user\AppData\Local\Temp\ccSPq1AH.ltrans0.ltrans.o
                0x08000f50                __late_init
 *fill*         0x08000f54        0xc 
 .text.__core_init
                0x08000f60        0x4 C:\Users\user\AppData\Local\Temp\ccSPq1AH.ltrans0.ltrans.o
                0x08000f60                __core_init
 *fill*         0x08000f64        0xc 
 .text.notify2  0x08000f70       0x10 C:\Users\user\AppData\Local\Temp\ccSPq1AH.ltrans1.ltrans.o
 .text.adcerrorcallback
                0x08000f80        0x4 C:\Users\user\AppData\Local\Temp\ccSPq1AH.ltrans1.ltrans.o
 *fill*         0x08000f84        0xc 
 .text.adccallback
                0x08000f90        0x4 C:\Users\user\AppData\Local\Temp\ccSPq1AH.ltrans1.ltrans.o
 *fill*         0x08000f94        0xc 
 .text.VectorB8
                0x08000fa0       0x34 C:\Users\user\AppData\Local\Temp\ccSPq1AH.ltrans1.ltrans.o
 *fill*         0x08000fd4        0xc 
 .text.VectorB0
                0x08000fe0       0x94 C:\Users\user\AppData\Local\Temp\ccSPq1AH.ltrans1.ltrans.o
 *fill*         0x08001074        0xc 
 .text.VectorD8
                0x08001080      0x1b8 C:\Users\user\AppData\Local\Temp\ccSPq1AH.ltrans1.ltrans.o
 *fill*         0x08001238        0x8 
 .text.startup.main
                0x08001240      0x7ac C:\Users\user\AppData\Local\Temp\ccSPq1AH.ltrans1.ltrans.o
                0x08001240                main
 *fill*         0x080019ec        0x4 
 .text.__early_init
                0x080019f0       0xe0 C:\Users\user\AppData\Local\Temp\ccSPq1AH.ltrans1.ltrans.o
                0x080019f0                __early_init
 .text.chTMStartMeasurementX.constprop.31
                0x08001ad0        0xc C:\Users\user\AppData\Local\Temp\ccSPq1AH.ltrans2.ltrans.o
                0x08001ad0                chTMStartMeasurementX.constprop.31
 *fill*         0x08001adc        0x4 
 .text.chEvtBroadcastFlagsI.constprop.27
                0x08001ae0       0x64 C:\Users\user\AppData\Local\Temp\ccSPq1AH.ltrans2.ltrans.o
                0x08001ae0                chEvtBroadcastFlagsI.constprop.27
 *fill*         0x08001b44        0xc 
 .text.chprintf.constprop.0
                0x08001b50      0x420 C:\Users\user\AppData\Local\Temp\ccSPq1AH.ltrans2.ltrans.o
                0x08001b50                chprintf.constprop.0
 *(.glue_7t)
 .glue_7t       0x08001f70        0x0 linker stubs
 *(.glue_7)
 .glue_7        0x08001f70        0x0 linker stubs
 *(.gcc*)

.vfp11_veneer   0x08001f70        0x0
 .vfp11_veneer  0x08001f70        0x0 linker stubs

.v4_bx          0x08001f70        0x0
 .v4_bx         0x08001f70        0x0 linker stubs

.iplt           0x08001f70        0x0
 .iplt          0x08001f70        0x0 build/obj/crt0_v7m.o

.rodata         0x08001f70      0x1cc
                0x08001f70                . = ALIGN (0x4)
                0x08001f70                __rodata_base__ = .
 *(.rodata)
 *(.rodata.*)
 .rodata.ram_areas
                0x08001f70       0x80 C:\Users\user\AppData\Local\Temp\ccSPq1AH.ltrans0.ltrans.o
 .rodata._stm32_dma_streams
                0x08001ff0       0xc0 C:\Users\user\AppData\Local\Temp\ccSPq1AH.ltrans1.ltrans.o
 .rodata.adcgrpcfg1
                0x080020b0       0x28 C:\Users\user\AppData\Local\Temp\ccSPq1AH.ltrans1.ltrans.o
 .rodata.ch_debug
                0x080020d8       0x16 C:\Users\user\AppData\Local\Temp\ccSPq1AH.ltrans1.ltrans.o
 *fill*         0x080020ee        0x2 
 .rodata.gpt4cfg1
                0x080020f0       0x10 C:\Users\user\AppData\Local\Temp\ccSPq1AH.ltrans1.ltrans.o
 .rodata.main.str1.4
                0x08002100       0x14 C:\Users\user\AppData\Local\Temp\ccSPq1AH.ltrans1.ltrans.o
 .rodata.vmt    0x08002114       0x20 C:\Users\user\AppData\Local\Temp\ccSPq1AH.ltrans1.ltrans.o
 .rodata.chprintf.constprop.0.str1.4
                0x08002134        0x8 C:\Users\user\AppData\Local\Temp\ccSPq1AH.ltrans2.ltrans.o
                                 0x13 (size before relaxing)
                0x0800213c                . = ALIGN (0x4)
                0x0800213c                __rodata_end__ = .

.rel.dyn        0x0800213c        0x0
 .rel.iplt      0x0800213c        0x0 build/obj/crt0_v7m.o

.ARM.extab
 *(.ARM.extab* .gnu.linkonce.armextab.*)

.ARM.exidx      0x0800213c        0x0
                0x0800213c                __exidx_start = .
 *(.ARM.exidx* .gnu.linkonce.armexidx.*)
                0x0800213c                __exidx_end = .

.eh_frame_hdr
 *(.eh_frame_hdr)

.eh_frame
 *(.eh_frame)
                0x20000000                __ram0_start__ = ORIGIN (ram0)
                0x00018000                __ram0_size__ = LENGTH (ram0)
                0x20018000                __ram0_end__ = (__ram0_start__ + __ram0_size__)
                0x00000000                __ram1_start__ = ORIGIN (ram1)
                0x00000000                __ram1_size__ = LENGTH (ram1)
                0x00000000                __ram1_end__ = (__ram1_start__ + __ram1_size__)
                0x00000000                __ram2_start__ = ORIGIN (ram2)
                0x00000000                __ram2_size__ = LENGTH (ram2)
                0x00000000                __ram2_end__ = (__ram2_start__ + __ram2_size__)
                0x00000000                __ram3_start__ = ORIGIN (ram3)
                0x00000000                __ram3_size__ = LENGTH (ram3)
                0x00000000                __ram3_end__ = (__ram3_start__ + __ram3_size__)
                0x00000000                __ram4_start__ = ORIGIN (ram4)
                0x00000000                __ram4_size__ = LENGTH (ram4)
                0x00000000                __ram4_end__ = (__ram4_start__ + __ram4_size__)
                0x00000000                __ram5_start__ = ORIGIN (ram5)
                0x00000000                __ram5_size__ = LENGTH (ram5)
                0x00000000                __ram5_end__ = (__ram5_start__ + __ram5_size__)
                0x00000000                __ram6_start__ = ORIGIN (ram6)
                0x00000000                __ram6_size__ = LENGTH (ram6)
                0x00000000                __ram6_end__ = (__ram6_start__ + __ram6_size__)
                0x00000000                __ram7_start__ = ORIGIN (ram7)
                0x00000000                __ram7_size__ = LENGTH (ram7)
                0x00000000                __ram7_end__ = (__ram7_start__ + __ram7_size__)

.data           0x20000800        0x0 load address 0x0800213c
                0x20000800                . = ALIGN (0x4)
                [!provide]                PROVIDE (_textdata, LOADADDR (.data))
                [!provide]                PROVIDE (_data, .)
                0x0800213c                _textdata_start = LOADADDR (.data)
                0x20000800                _data_start = .
 *(.data)
 *(.data.*)
 *(.ramtext)
                0x20000800                . = ALIGN (0x4)
                [!provide]                PROVIDE (_edata, .)
                0x20000800                _data_end = .

.igot.plt       0x20000800        0x0 load address 0x0800213c
 .igot.plt      0x20000800        0x0 build/obj/crt0_v7m.o

.bss            0x20000800      0x2c0 load address 0x0800213c
                0x20000800                . = ALIGN (0x4)
                0x20000800                _bss_start = .
 *(.bss)
 *(.bss.*)
 .bss.ADCD1     0x20000800       0x34 C:\Users\user\AppData\Local\Temp\ccSPq1AH.ltrans1.ltrans.o
                0x20000800                ADCD1
 .bss.GPTD4     0x20000834       0x10 C:\Users\user\AppData\Local\Temp\ccSPq1AH.ltrans1.ltrans.o
 .bss.adc_buffer
                0x20000844        0x2 C:\Users\user\AppData\Local\Temp\ccSPq1AH.ltrans1.ltrans.o
 *fill*         0x20000846        0x2 
 .bss.ch        0x20000848       0x78 C:\Users\user\AppData\Local\Temp\ccSPq1AH.ltrans1.ltrans.o
                0x20000848                ch
 .bss.ch_idle_thread_wa
                0x200008c0       0xd8 C:\Users\user\AppData\Local\Temp\ccSPq1AH.ltrans1.ltrans.o
 .bss.default_heap
                0x20000998       0x20 C:\Users\user\AppData\Local\Temp\ccSPq1AH.ltrans1.ltrans.o
 .bss.dma_isr_redir.lto_priv.46
                0x200009b8       0x80 C:\Users\user\AppData\Local\Temp\ccSPq1AH.ltrans1.ltrans.o
                0x200009b8                dma_isr_redir.lto_priv.46
 .bss.dma_streams_mask
                0x20000a38        0x4 C:\Users\user\AppData\Local\Temp\ccSPq1AH.ltrans1.ltrans.o
 .bss.endmem.lto_priv.48
                0x20000a3c        0x4 C:\Users\user\AppData\Local\Temp\ccSPq1AH.ltrans1.ltrans.o
                0x20000a3c                endmem.lto_priv.48
 .bss.nextmem.lto_priv.47
                0x20000a40        0x4 C:\Users\user\AppData\Local\Temp\ccSPq1AH.ltrans1.ltrans.o
                0x20000a40                nextmem.lto_priv.47
 .bss.SD2       0x20000a44       0x7c C:\Users\user\AppData\Local\Temp\ccSPq1AH.ltrans2.ltrans.o
                0x20000a44                SD2
 *(COMMON)
                0x20000ac0                . = ALIGN (0x4)
                0x20000ac0                _bss_end = .
                [!provide]                PROVIDE (end, .)

.ram0_init      0x20000ac0        0x0 load address 0x0800213c
                0x20000ac0                . = ALIGN (0x4)
                0x0800213c                __ram0_init_text__ = LOADADDR (.ram0_init)
                0x20000ac0                __ram0_init__ = .
 *(.ram0_init)
 *(.ram0_init.*)
                0x20000ac0                . = ALIGN (0x4)

.ram0           0x20000ac0        0x0 load address 0x0800213c
                0x20000ac0                . = ALIGN (0x4)
                0x20000ac0                __ram0_clear__ = .
 *(.ram0_clear)
 *(.ram0_clear.*)
                0x20000ac0                . = ALIGN (0x4)
                0x20000ac0                __ram0_noinit__ = .
 *(.ram0)
 *(.ram0.*)
                0x20000ac0                . = ALIGN (0x4)
                0x20000ac0                __ram0_free__ = .

.ram1_init      0x00000000        0x0 load address 0x0800213c
                0x00000000                . = ALIGN (0x4)
                0x0800213c                __ram1_init_text__ = LOADADDR (.ram1_init)
                0x00000000                __ram1_init__ = .
 *(.ram1_init)
 *(.ram1_init.*)
                0x00000000                . = ALIGN (0x4)

.ram1           0x00000000        0x0 load address 0x0800213c
                0x00000000                . = ALIGN (0x4)
                0x00000000                __ram1_clear__ = .
 *(.ram1_clear)
 *(.ram1_clear.*)
                0x00000000                . = ALIGN (0x4)
                0x00000000                __ram1_noinit__ = .
 *(.ram1)
 *(.ram1.*)
                0x00000000                . = ALIGN (0x4)
                0x00000000                __ram1_free__ = .

.ram2_init      0x00000000        0x0 load address 0x0800213c
                0x00000000                . = ALIGN (0x4)
                0x0800213c                __ram2_init_text__ = LOADADDR (.ram2_init)
                0x00000000                __ram2_init__ = .
 *(.ram2_init)
 *(.ram2_init.*)
                0x00000000                . = ALIGN (0x4)

.ram2           0x00000000        0x0 load address 0x0800213c
                0x00000000                . = ALIGN (0x4)
                0x00000000                __ram2_clear__ = .
 *(.ram2_clear)
 *(.ram2_clear.*)
                0x00000000                . = ALIGN (0x4)
                0x00000000                __ram2_noinit__ = .
 *(.ram2)
 *(.ram2.*)
                0x00000000                . = ALIGN (0x4)
                0x00000000                __ram2_free__ = .

.ram3_init      0x00000000        0x0 load address 0x0800213c
                0x00000000                . = ALIGN (0x4)
                0x0800213c                __ram3_init_text__ = LOADADDR (.ram3_init)
                0x00000000                __ram3_init__ = .
 *(.ram3_init)
 *(.ram3_init.*)
                0x00000000                . = ALIGN (0x4)

.ram3           0x00000000        0x0 load address 0x0800213c
                0x00000000                . = ALIGN (0x4)
                0x00000000                __ram3_clear__ = .
 *(.ram3_clear)
 *(.ram3_clear.*)
                0x00000000                . = ALIGN (0x4)
                0x00000000                __ram3_noinit__ = .
 *(.ram3)
 *(.ram3.*)
                0x00000000                . = ALIGN (0x4)
                0x00000000                __ram3_free__ = .

.ram4_init      0x00000000        0x0 load address 0x0800213c
                0x00000000                . = ALIGN (0x4)
                0x0800213c                __ram4_init_text__ = LOADADDR (.ram4_init)
                0x00000000                __ram4_init__ = .
 *(.ram4_init)
 *(.ram4_init.*)
                0x00000000                . = ALIGN (0x4)

.ram4           0x00000000        0x0 load address 0x0800213c
                0x00000000                . = ALIGN (0x4)
                0x00000000                __ram4_clear__ = .
 *(.ram4_clear)
 *(.ram4_clear.*)
                0x00000000                . = ALIGN (0x4)
                0x00000000                __ram4_noinit__ = .
 *(.ram4)
 *(.ram4.*)
                0x00000000                . = ALIGN (0x4)
                0x00000000                __ram4_free__ = .

.ram5_init      0x00000000        0x0 load address 0x0800213c
                0x00000000                . = ALIGN (0x4)
                0x0800213c                __ram5_init_text__ = LOADADDR (.ram5_init)
                0x00000000                __ram5_init__ = .
 *(.ram5_init)
 *(.ram5_init.*)
                0x00000000                . = ALIGN (0x4)

.ram5           0x00000000        0x0 load address 0x0800213c
                0x00000000                . = ALIGN (0x4)
                0x00000000                __ram5_clear__ = .
 *(.ram5_clear)
 *(.ram5_clear.*)
                0x00000000                . = ALIGN (0x4)
                0x00000000                __ram5_noinit__ = .
 *(.ram5)
 *(.ram5.*)
                0x00000000                . = ALIGN (0x4)
                0x00000000                __ram5_free__ = .

.ram6_init      0x00000000        0x0 load address 0x0800213c
                0x00000000                . = ALIGN (0x4)
                0x0800213c                __ram6_init_text__ = LOADADDR (.ram6_init)
                0x00000000                __ram6_init__ = .
 *(.ram6_init)
 *(.ram6_init.*)
                0x00000000                . = ALIGN (0x4)

.ram6           0x00000000        0x0 load address 0x0800213c
                0x00000000                . = ALIGN (0x4)
                0x00000000                __ram6_clear__ = .
 *(.ram6_clear)
 *(.ram6_clear.*)
                0x00000000                . = ALIGN (0x4)
                0x00000000                __ram6_noinit__ = .
 *(.ram6)
 *(.ram6.*)
                0x00000000                . = ALIGN (0x4)
                0x00000000                __ram6_free__ = .

.ram7_init      0x00000000        0x0 load address 0x0800213c
                0x00000000                . = ALIGN (0x4)
                0x0800213c                __ram7_init_text__ = LOADADDR (.ram7_init)
                0x00000000                __ram7_init__ = .
 *(.ram7_init)
 *(.ram7_init.*)
                0x00000000                . = ALIGN (0x4)

.ram7           0x00000000        0x0 load address 0x0800213c
                0x00000000                . = ALIGN (0x4)
                0x00000000                __ram7_clear__ = .
 *(.ram7_clear)
 *(.ram7_clear.*)
                0x00000000                . = ALIGN (0x4)
                0x00000000                __ram7_noinit__ = .
 *(.ram7)
 *(.ram7.*)
                0x00000000                . = ALIGN (0x4)
                0x00000000                __ram7_free__ = .

.heap           0x20000ac0    0x17540
                0x20000ac0                . = ALIGN (0x8)
                0x20000ac0                __heap_base__ = .
                0x20018000                . = (ORIGIN (HEAP_RAM) + LENGTH (HEAP_RAM))
 *fill*         0x20000ac0    0x17540 
                0x20018000                __heap_end__ = .
                0x00000400                __process_stack_size__ = 0x400
                0x00000400                __main_stack_size__ = 0x400
START GROUP
LOAD c:/rtos/chibistudio/tools/gnu tools arm embedded/6.3 2017q1/bin/../lib/gcc/arm-none-eabi/6.3.1/thumb/v7e-m\libgcc.a
LOAD c:/rtos/chibistudio/tools/gnu tools arm embedded/6.3 2017q1/bin/../lib/gcc/arm-none-eabi/6.3.1/../../../../arm-none-eabi/lib/thumb/v7e-m\libg.a
LOAD c:/rtos/chibistudio/tools/gnu tools arm embedded/6.3 2017q1/bin/../lib/gcc/arm-none-eabi/6.3.1/../../../../arm-none-eabi/lib/thumb/v7e-m\libc.a
END GROUP
OUTPUT(build/ch.elf elf32-littlearm)

.ARM.attributes
                0x00000000       0x2d
 .ARM.attributes
                0x00000000       0x21 build/obj/crt0_v7m.o
 .ARM.attributes
                0x00000021       0x21 build/obj/chcoreasm_v7m.o
 .ARM.attributes
                0x00000042       0x31 C:\Users\user\AppData\Local\Temp\ccSPq1AH.ltrans0.ltrans.o
 .ARM.attributes
                0x00000073       0x31 C:\Users\user\AppData\Local\Temp\ccSPq1AH.ltrans1.ltrans.o
 .ARM.attributes
                0x000000a4       0x31 C:\Users\user\AppData\Local\Temp\ccSPq1AH.ltrans2.ltrans.o

.comment        0x00000000       0x7f
 .comment       0x00000000       0x7f C:\Users\user\AppData\Local\Temp\ccSPq1AH.ltrans0.ltrans.o
                                 0x80 (size before relaxing)
 .comment       0x0000007f       0x80 C:\Users\user\AppData\Local\Temp\ccSPq1AH.ltrans1.ltrans.o
 .comment       0x0000007f       0x80 C:\Users\user\AppData\Local\Temp\ccSPq1AH.ltrans2.ltrans.o

.debug_info     0x00000000     0x7b73
 .debug_info    0x00000000     0x32a4 C:\Users\user\AppData\Local\Temp\ccSPq1AH.ltrans0.ltrans.o
 .debug_info    0x000032a4     0x3b25 C:\Users\user\AppData\Local\Temp\ccSPq1AH.ltrans1.ltrans.o
 .debug_info    0x00006dc9      0xdaa C:\Users\user\AppData\Local\Temp\ccSPq1AH.ltrans2.ltrans.o

.debug_abbrev   0x00000000      0xee2
 .debug_abbrev  0x00000000      0x672 C:\Users\user\AppData\Local\Temp\ccSPq1AH.ltrans0.ltrans.o
 .debug_abbrev  0x00000672      0x536 C:\Users\user\AppData\Local\Temp\ccSPq1AH.ltrans1.ltrans.o
 .debug_abbrev  0x00000ba8      0x33a C:\Users\user\AppData\Local\Temp\ccSPq1AH.ltrans2.ltrans.o

.debug_loc      0x00000000     0x305b
 .debug_loc     0x00000000     0x1758 C:\Users\user\AppData\Local\Temp\ccSPq1AH.ltrans0.ltrans.o
 .debug_loc     0x00001758      0xcf8 C:\Users\user\AppData\Local\Temp\ccSPq1AH.ltrans1.ltrans.o
 .debug_loc     0x00002450      0xc0b C:\Users\user\AppData\Local\Temp\ccSPq1AH.ltrans2.ltrans.o

.debug_aranges  0x00000000      0x218
 .debug_aranges
                0x00000000      0x190 C:\Users\user\AppData\Local\Temp\ccSPq1AH.ltrans0.ltrans.o
 .debug_aranges
                0x00000190       0x58 C:\Users\user\AppData\Local\Temp\ccSPq1AH.ltrans1.ltrans.o
 .debug_aranges
                0x000001e8       0x30 C:\Users\user\AppData\Local\Temp\ccSPq1AH.ltrans2.ltrans.o

.debug_ranges   0x00000000     0x12a8
 .debug_ranges  0x00000000      0x588 C:\Users\user\AppData\Local\Temp\ccSPq1AH.ltrans0.ltrans.o
 .debug_ranges  0x00000588      0xc50 C:\Users\user\AppData\Local\Temp\ccSPq1AH.ltrans1.ltrans.o
 .debug_ranges  0x000011d8       0xd0 C:\Users\user\AppData\Local\Temp\ccSPq1AH.ltrans2.ltrans.o

.debug_line     0x00000000     0x266d
 .debug_line    0x00000000      0xfbb C:\Users\user\AppData\Local\Temp\ccSPq1AH.ltrans0.ltrans.o
 .debug_line    0x00000fbb     0x115a C:\Users\user\AppData\Local\Temp\ccSPq1AH.ltrans1.ltrans.o
 .debug_line    0x00002115      0x558 C:\Users\user\AppData\Local\Temp\ccSPq1AH.ltrans2.ltrans.o

.debug_str      0x00000000     0x1a89
 .debug_str     0x00000000      0xdf1 C:\Users\user\AppData\Local\Temp\ccSPq1AH.ltrans0.ltrans.o
                                0xec6 (size before relaxing)
 .debug_str     0x00000df1      0xb33 C:\Users\user\AppData\Local\Temp\ccSPq1AH.ltrans1.ltrans.o
                               0x1463 (size before relaxing)
 .debug_str     0x00001924      0x165 C:\Users\user\AppData\Local\Temp\ccSPq1AH.ltrans2.ltrans.o
                                0x720 (size before relaxing)

.debug_frame    0x00000000      0x6e0
 .debug_frame   0x00000000      0x558 C:\Users\user\AppData\Local\Temp\ccSPq1AH.ltrans0.ltrans.o
 .debug_frame   0x00000558       0xfc C:\Users\user\AppData\Local\Temp\ccSPq1AH.ltrans1.ltrans.o
 .debug_frame   0x00000654       0x8c C:\Users\user\AppData\Local\Temp\ccSPq1AH.ltrans2.ltrans.o

Cross Reference Table

Symbol                                            File
ADCD1                                             C:\Users\user\AppData\Local\Temp\ccSPq1AH.ltrans1.ltrans.o
                                                  build/obj/hal_adc_lld.o (symbol from plugin)
                                                  C:\Users\user\AppData\Local\Temp\ccSPq1AH.ltrans0.ltrans.o
                                                  build/obj/main.o (symbol from plugin)
BusFault_Handler                                  C:\Users\user\AppData\Local\Temp\ccSPq1AH.ltrans0.ltrans.o
                                                  build/obj/vectors.o (symbol from plugin)
                                                  C:\Users\user\AppData\Local\Temp\ccSPq1AH.ltrans1.ltrans.o
DebugMon_Handler                                  C:\Users\user\AppData\Local\Temp\ccSPq1AH.ltrans0.ltrans.o
                                                  build/obj/vectors.o (symbol from plugin)
                                                  C:\Users\user\AppData\Local\Temp\ccSPq1AH.ltrans1.ltrans.o
GPTD4                                             build/obj/hal_gpt_lld.o (symbol from plugin)
                                                  build/obj/main.o (symbol from plugin)
HardFault_Handler                                 C:\Users\user\AppData\Local\Temp\ccSPq1AH.ltrans0.ltrans.o
                                                  build/obj/vectors.o (symbol from plugin)
                                                  C:\Users\user\AppData\Local\Temp\ccSPq1AH.ltrans1.ltrans.o
MemManage_Handler                                 C:\Users\user\AppData\Local\Temp\ccSPq1AH.ltrans0.ltrans.o
                                                  build/obj/vectors.o (symbol from plugin)
                                                  C:\Users\user\AppData\Local\Temp\ccSPq1AH.ltrans1.ltrans.o
NMI_Handler                                       C:\Users\user\AppData\Local\Temp\ccSPq1AH.ltrans0.ltrans.o
                                                  build/obj/vectors.o (symbol from plugin)
                                                  C:\Users\user\AppData\Local\Temp\ccSPq1AH.ltrans1.ltrans.o
PendSV_Handler                                    C:\Users\user\AppData\Local\Temp\ccSPq1AH.ltrans0.ltrans.o
                                                  build/obj/vectors.o (symbol from plugin)
                                                  C:\Users\user\AppData\Local\Temp\ccSPq1AH.ltrans1.ltrans.o
Reset_Handler                                     build/obj/crt0_v7m.o
                                                  C:\Users\user\AppData\Local\Temp\ccSPq1AH.ltrans1.ltrans.o
                                                  build/obj/vectors.o (symbol from plugin)
SD2                                               C:\Users\user\AppData\Local\Temp\ccSPq1AH.ltrans2.ltrans.o
                                                  build/obj/hal_serial_lld.o (symbol from plugin)
                                                  C:\Users\user\AppData\Local\Temp\ccSPq1AH.ltrans1.ltrans.o
                                                  build/obj/main.o (symbol from plugin)
SVC_Handler                                       C:\Users\user\AppData\Local\Temp\ccSPq1AH.ltrans0.ltrans.o
                                                  build/obj/chcore_v7m.o (symbol from plugin)
                                                  build/obj/vectors.o (symbol from plugin)
                                                  C:\Users\user\AppData\Local\Temp\ccSPq1AH.ltrans1.ltrans.o
SysTick_Handler                                   C:\Users\user\AppData\Local\Temp\ccSPq1AH.ltrans0.ltrans.o
                                                  build/obj/vectors.o (symbol from plugin)
                                                  C:\Users\user\AppData\Local\Temp\ccSPq1AH.ltrans1.ltrans.o
SystemCoreClock                                   build/obj/hal_lld.o (symbol from plugin)
UsageFault_Handler                                C:\Users\user\AppData\Local\Temp\ccSPq1AH.ltrans0.ltrans.o
                                                  build/obj/vectors.o (symbol from plugin)
                                                  C:\Users\user\AppData\Local\Temp\ccSPq1AH.ltrans1.ltrans.o
Vector100                                         C:\Users\user\AppData\Local\Temp\ccSPq1AH.ltrans0.ltrans.o
                                                  build/obj/vectors.o (symbol from plugin)
                                                  C:\Users\user\AppData\Local\Temp\ccSPq1AH.ltrans1.ltrans.o
Vector104                                         C:\Users\user\AppData\Local\Temp\ccSPq1AH.ltrans0.ltrans.o
                                                  build/obj/vectors.o (symbol from plugin)
                                                  C:\Users\user\AppData\Local\Temp\ccSPq1AH.ltrans1.ltrans.o
Vector108                                         C:\Users\user\AppData\Local\Temp\ccSPq1AH.ltrans0.ltrans.o
                                                  build/obj/vectors.o (symbol from plugin)
                                                  C:\Users\user\AppData\Local\Temp\ccSPq1AH.ltrans1.ltrans.o
Vector10C                                         C:\Users\user\AppData\Local\Temp\ccSPq1AH.ltrans0.ltrans.o
                                                  build/obj/vectors.o (symbol from plugin)
                                                  C:\Users\user\AppData\Local\Temp\ccSPq1AH.ltrans1.ltrans.o
Vector110                                         C:\Users\user\AppData\Local\Temp\ccSPq1AH.ltrans0.ltrans.o
                                                  build/obj/vectors.o (symbol from plugin)
                                                  C:\Users\user\AppData\Local\Temp\ccSPq1AH.ltrans1.ltrans.o
Vector114                                         C:\Users\user\AppData\Local\Temp\ccSPq1AH.ltrans0.ltrans.o
                                                  build/obj/vectors.o (symbol from plugin)
                                                  C:\Users\user\AppData\Local\Temp\ccSPq1AH.ltrans1.ltrans.o
Vector118                                         C:\Users\user\AppData\Local\Temp\ccSPq1AH.ltrans0.ltrans.o
                                                  build/obj/vectors.o (symbol from plugin)
                                                  C:\Users\user\AppData\Local\Temp\ccSPq1AH.ltrans1.ltrans.o
Vector11C                                         C:\Users\user\AppData\Local\Temp\ccSPq1AH.ltrans0.ltrans.o
                                                  build/obj/vectors.o (symbol from plugin)
                                                  C:\Users\user\AppData\Local\Temp\ccSPq1AH.ltrans1.ltrans.o
Vector120                                         C:\Users\user\AppData\Local\Temp\ccSPq1AH.ltrans0.ltrans.o
                                                  build/obj/stm32_dma.o (symbol from plugin)
                                                  build/obj/vectors.o (symbol from plugin)
                                                  C:\Users\user\AppData\Local\Temp\ccSPq1AH.ltrans1.ltrans.o
Vector124                                         C:\Users\user\AppData\Local\Temp\ccSPq1AH.ltrans0.ltrans.o
                                                  build/obj/stm32_dma.o (symbol from plugin)
                                                  build/obj/vectors.o (symbol from plugin)
                                                  C:\Users\user\AppData\Local\Temp\ccSPq1AH.ltrans1.ltrans.o
Vector128                                         C:\Users\user\AppData\Local\Temp\ccSPq1AH.ltrans0.ltrans.o
                                                  build/obj/stm32_dma.o (symbol from plugin)
                                                  build/obj/vectors.o (symbol from plugin)
                                                  C:\Users\user\AppData\Local\Temp\ccSPq1AH.ltrans1.ltrans.o
Vector12C                                         C:\Users\user\AppData\Local\Temp\ccSPq1AH.ltrans0.ltrans.o
                                                  build/obj/stm32_dma.o (symbol from plugin)
                                                  build/obj/vectors.o (symbol from plugin)
                                                  C:\Users\user\AppData\Local\Temp\ccSPq1AH.ltrans1.ltrans.o
Vector130                                         C:\Users\user\AppData\Local\Temp\ccSPq1AH.ltrans0.ltrans.o
                                                  build/obj/stm32_dma.o (symbol from plugin)
                                                  build/obj/vectors.o (symbol from plugin)
                                                  C:\Users\user\AppData\Local\Temp\ccSPq1AH.ltrans1.ltrans.o
Vector134                                         C:\Users\user\AppData\Local\Temp\ccSPq1AH.ltrans0.ltrans.o
                                                  build/obj/vectors.o (symbol from plugin)
                                                  C:\Users\user\AppData\Local\Temp\ccSPq1AH.ltrans1.ltrans.o
Vector138                                         C:\Users\user\AppData\Local\Temp\ccSPq1AH.ltrans0.ltrans.o
                                                  build/obj/vectors.o (symbol from plugin)
                                                  C:\Users\user\AppData\Local\Temp\ccSPq1AH.ltrans1.ltrans.o
Vector13C                                         C:\Users\user\AppData\Local\Temp\ccSPq1AH.ltrans0.ltrans.o
                                                  build/obj/vectors.o (symbol from plugin)
                                                  C:\Users\user\AppData\Local\Temp\ccSPq1AH.ltrans1.ltrans.o
Vector140                                         C:\Users\user\AppData\Local\Temp\ccSPq1AH.ltrans0.ltrans.o
                                                  build/obj/vectors.o (symbol from plugin)
                                                  C:\Users\user\AppData\Local\Temp\ccSPq1AH.ltrans1.ltrans.o
Vector144                                         C:\Users\user\AppData\Local\Temp\ccSPq1AH.ltrans0.ltrans.o
                                                  build/obj/vectors.o (symbol from plugin)
                                                  C:\Users\user\AppData\Local\Temp\ccSPq1AH.ltrans1.ltrans.o
Vector148                                         C:\Users\user\AppData\Local\Temp\ccSPq1AH.ltrans0.ltrans.o
                                                  build/obj/vectors.o (symbol from plugin)
                                                  C:\Users\user\AppData\Local\Temp\ccSPq1AH.ltrans1.ltrans.o
Vector14C                                         C:\Users\user\AppData\Local\Temp\ccSPq1AH.ltrans0.ltrans.o
                                                  build/obj/vectors.o (symbol from plugin)
                                                  C:\Users\user\AppData\Local\Temp\ccSPq1AH.ltrans1.ltrans.o
Vector150                                         C:\Users\user\AppData\Local\Temp\ccSPq1AH.ltrans0.ltrans.o
                                                  build/obj/stm32_dma.o (symbol from plugin)
                                                  build/obj/vectors.o (symbol from plugin)
                                                  C:\Users\user\AppData\Local\Temp\ccSPq1AH.ltrans1.ltrans.o
Vector154                                         C:\Users\user\AppData\Local\Temp\ccSPq1AH.ltrans0.ltrans.o
                                                  build/obj/stm32_dma.o (symbol from plugin)
                                                  build/obj/vectors.o (symbol from plugin)
                                                  C:\Users\user\AppData\Local\Temp\ccSPq1AH.ltrans1.ltrans.o
Vector158                                         C:\Users\user\AppData\Local\Temp\ccSPq1AH.ltrans0.ltrans.o
                                                  build/obj/stm32_dma.o (symbol from plugin)
                                                  build/obj/vectors.o (symbol from plugin)
                                                  C:\Users\user\AppData\Local\Temp\ccSPq1AH.ltrans1.ltrans.o
Vector15C                                         C:\Users\user\AppData\Local\Temp\ccSPq1AH.ltrans0.ltrans.o
                                                  build/obj/vectors.o (symbol from plugin)
                                                  C:\Users\user\AppData\Local\Temp\ccSPq1AH.ltrans1.ltrans.o
Vector160                                         C:\Users\user\AppData\Local\Temp\ccSPq1AH.ltrans0.ltrans.o
                                                  build/obj/vectors.o (symbol from plugin)
                                                  C:\Users\user\AppData\Local\Temp\ccSPq1AH.ltrans1.ltrans.o
Vector164                                         C:\Users\user\AppData\Local\Temp\ccSPq1AH.ltrans0.ltrans.o
                                                  build/obj/vectors.o (symbol from plugin)
                                                  C:\Users\user\AppData\Local\Temp\ccSPq1AH.ltrans1.ltrans.o
Vector168                                         C:\Users\user\AppData\Local\Temp\ccSPq1AH.ltrans0.ltrans.o
                                                  build/obj/vectors.o (symbol from plugin)
                                                  C:\Users\user\AppData\Local\Temp\ccSPq1AH.ltrans1.ltrans.o
Vector16C                                         C:\Users\user\AppData\Local\Temp\ccSPq1AH.ltrans0.ltrans.o
                                                  build/obj/vectors.o (symbol from plugin)
                                                  C:\Users\user\AppData\Local\Temp\ccSPq1AH.ltrans1.ltrans.o
Vector170                                         C:\Users\user\AppData\Local\Temp\ccSPq1AH.ltrans0.ltrans.o
                                                  build/obj/vectors.o (symbol from plugin)
                                                  C:\Users\user\AppData\Local\Temp\ccSPq1AH.ltrans1.ltrans.o
Vector174                                         C:\Users\user\AppData\Local\Temp\ccSPq1AH.ltrans0.ltrans.o
                                                  build/obj/vectors.o (symbol from plugin)
                                                  C:\Users\user\AppData\Local\Temp\ccSPq1AH.ltrans1.ltrans.o
Vector178                                         C:\Users\user\AppData\Local\Temp\ccSPq1AH.ltrans0.ltrans.o
                                                  build/obj/vectors.o (symbol from plugin)
                                                  C:\Users\user\AppData\Local\Temp\ccSPq1AH.ltrans1.ltrans.o
Vector17C                                         C:\Users\user\AppData\Local\Temp\ccSPq1AH.ltrans0.ltrans.o
                                                  build/obj/vectors.o (symbol from plugin)
                                                  C:\Users\user\AppData\Local\Temp\ccSPq1AH.ltrans1.ltrans.o
Vector180                                         C:\Users\user\AppData\Local\Temp\ccSPq1AH.ltrans0.ltrans.o
                                                  build/obj/vectors.o (symbol from plugin)
                                                  C:\Users\user\AppData\Local\Temp\ccSPq1AH.ltrans1.ltrans.o
Vector184                                         C:\Users\user\AppData\Local\Temp\ccSPq1AH.ltrans0.ltrans.o
                                                  build/obj/vectors.o (symbol from plugin)
                                                  C:\Users\user\AppData\Local\Temp\ccSPq1AH.ltrans1.ltrans.o
Vector188                                         C:\Users\user\AppData\Local\Temp\ccSPq1AH.ltrans0.ltrans.o
                                                  build/obj/vectors.o (symbol from plugin)
                                                  C:\Users\user\AppData\Local\Temp\ccSPq1AH.ltrans1.ltrans.o
Vector18C                                         C:\Users\user\AppData\Local\Temp\ccSPq1AH.ltrans0.ltrans.o
                                                  build/obj/vectors.o (symbol from plugin)
                                                  C:\Users\user\AppData\Local\Temp\ccSPq1AH.ltrans1.ltrans.o
Vector190                                         C:\Users\user\AppData\Local\Temp\ccSPq1AH.ltrans0.ltrans.o
                                                  build/obj/vectors.o (symbol from plugin)
                                                  C:\Users\user\AppData\Local\Temp\ccSPq1AH.ltrans1.ltrans.o
Vector194                                         C:\Users\user\AppData\Local\Temp\ccSPq1AH.ltrans0.ltrans.o
                                                  build/obj/vectors.o (symbol from plugin)
                                                  C:\Users\user\AppData\Local\Temp\ccSPq1AH.ltrans1.ltrans.o
Vector198                                         C:\Users\user\AppData\Local\Temp\ccSPq1AH.ltrans0.ltrans.o
                                                  build/obj/vectors.o (symbol from plugin)
                                                  C:\Users\user\AppData\Local\Temp\ccSPq1AH.ltrans1.ltrans.o
Vector19C                                         C:\Users\user\AppData\Local\Temp\ccSPq1AH.ltrans0.ltrans.o
                                                  build/obj/vectors.o (symbol from plugin)
                                                  C:\Users\user\AppData\Local\Temp\ccSPq1AH.ltrans1.ltrans.o
Vector1A0                                         C:\Users\user\AppData\Local\Temp\ccSPq1AH.ltrans0.ltrans.o
                                                  build/obj/vectors.o (symbol from plugin)
                                                  C:\Users\user\AppData\Local\Temp\ccSPq1AH.ltrans1.ltrans.o
Vector1A4                                         C:\Users\user\AppData\Local\Temp\ccSPq1AH.ltrans0.ltrans.o
                                                  build/obj/vectors.o (symbol from plugin)
                                                  C:\Users\user\AppData\Local\Temp\ccSPq1AH.ltrans1.ltrans.o
Vector1A8                                         C:\Users\user\AppData\Local\Temp\ccSPq1AH.ltrans0.ltrans.o
                                                  build/obj/vectors.o (symbol from plugin)
                                                  C:\Users\user\AppData\Local\Temp\ccSPq1AH.ltrans1.ltrans.o
Vector1AC                                         C:\Users\user\AppData\Local\Temp\ccSPq1AH.ltrans0.ltrans.o
                                                  build/obj/vectors.o (symbol from plugin)
                                                  C:\Users\user\AppData\Local\Temp\ccSPq1AH.ltrans1.ltrans.o
Vector1B0                                         C:\Users\user\AppData\Local\Temp\ccSPq1AH.ltrans0.ltrans.o
                                                  build/obj/vectors.o (symbol from plugin)
                                                  C:\Users\user\AppData\Local\Temp\ccSPq1AH.ltrans1.ltrans.o
Vector1B4                                         C:\Users\user\AppData\Local\Temp\ccSPq1AH.ltrans0.ltrans.o
                                                  build/obj/vectors.o (symbol from plugin)
                                                  C:\Users\user\AppData\Local\Temp\ccSPq1AH.ltrans1.ltrans.o
Vector1B8                                         C:\Users\user\AppData\Local\Temp\ccSPq1AH.ltrans0.ltrans.o
                                                  build/obj/vectors.o (symbol from plugin)
                                                  C:\Users\user\AppData\Local\Temp\ccSPq1AH.ltrans1.ltrans.o
Vector1BC                                         C:\Users\user\AppData\Local\Temp\ccSPq1AH.ltrans0.ltrans.o
                                                  build/obj/vectors.o (symbol from plugin)
                                                  C:\Users\user\AppData\Local\Temp\ccSPq1AH.ltrans1.ltrans.o
Vector1C                                          C:\Users\user\AppData\Local\Temp\ccSPq1AH.ltrans0.ltrans.o
                                                  build/obj/vectors.o (symbol from plugin)
                                                  C:\Users\user\AppData\Local\Temp\ccSPq1AH.ltrans1.ltrans.o
Vector20                                          C:\Users\user\AppData\Local\Temp\ccSPq1AH.ltrans0.ltrans.o
                                                  build/obj/vectors.o (symbol from plugin)
                                                  C:\Users\user\AppData\Local\Temp\ccSPq1AH.ltrans1.ltrans.o
Vector24                                          C:\Users\user\AppData\Local\Temp\ccSPq1AH.ltrans0.ltrans.o
                                                  build/obj/vectors.o (symbol from plugin)
                                                  C:\Users\user\AppData\Local\Temp\ccSPq1AH.ltrans1.ltrans.o
Vector28                                          C:\Users\user\AppData\Local\Temp\ccSPq1AH.ltrans0.ltrans.o
                                                  build/obj/vectors.o (symbol from plugin)
                                                  C:\Users\user\AppData\Local\Temp\ccSPq1AH.ltrans1.ltrans.o
Vector34                                          C:\Users\user\AppData\Local\Temp\ccSPq1AH.ltrans0.ltrans.o
                                                  build/obj/vectors.o (symbol from plugin)
                                                  C:\Users\user\AppData\Local\Temp\ccSPq1AH.ltrans1.ltrans.o
Vector40                                          C:\Users\user\AppData\Local\Temp\ccSPq1AH.ltrans0.ltrans.o
                                                  build/obj/vectors.o (symbol from plugin)
                                                  C:\Users\user\AppData\Local\Temp\ccSPq1AH.ltrans1.ltrans.o
Vector44                                          C:\Users\user\AppData\Local\Temp\ccSPq1AH.ltrans0.ltrans.o
                                                  build/obj/vectors.o (symbol from plugin)
                                                  C:\Users\user\AppData\Local\Temp\ccSPq1AH.ltrans1.ltrans.o
Vector48                                          C:\Users\user\AppData\Local\Temp\ccSPq1AH.ltrans0.ltrans.o
                                                  build/obj/vectors.o (symbol from plugin)
                                                  C:\Users\user\AppData\Local\Temp\ccSPq1AH.ltrans1.ltrans.o
Vector4C                                          C:\Users\user\AppData\Local\Temp\ccSPq1AH.ltrans0.ltrans.o
                                                  build/obj/vectors.o (symbol from plugin)
                                                  C:\Users\user\AppData\Local\Temp\ccSPq1AH.ltrans1.ltrans.o
Vector50                                          C:\Users\user\AppData\Local\Temp\ccSPq1AH.ltrans0.ltrans.o
                                                  build/obj/vectors.o (symbol from plugin)
                                                  C:\Users\user\AppData\Local\Temp\ccSPq1AH.ltrans1.ltrans.o
Vector54                                          C:\Users\user\AppData\Local\Temp\ccSPq1AH.ltrans0.ltrans.o
                                                  build/obj/vectors.o (symbol from plugin)
                                                  C:\Users\user\AppData\Local\Temp\ccSPq1AH.ltrans1.ltrans.o
Vector58                                          C:\Users\user\AppData\Local\Temp\ccSPq1AH.ltrans0.ltrans.o
                                                  build/obj/vectors.o (symbol from plugin)
                                                  C:\Users\user\AppData\Local\Temp\ccSPq1AH.ltrans1.ltrans.o
Vector5C                                          C:\Users\user\AppData\Local\Temp\ccSPq1AH.ltrans0.ltrans.o
                                                  build/obj/vectors.o (symbol from plugin)
                                                  C:\Users\user\AppData\Local\Temp\ccSPq1AH.ltrans1.ltrans.o
Vector60                                          C:\Users\user\AppData\Local\Temp\ccSPq1AH.ltrans0.ltrans.o
                                                  build/obj/vectors.o (symbol from plugin)
                                                  C:\Users\user\AppData\Local\Temp\ccSPq1AH.ltrans1.ltrans.o
Vector64                                          C:\Users\user\AppData\Local\Temp\ccSPq1AH.ltrans0.ltrans.o
                                                  build/obj/vectors.o (symbol from plugin)
                                                  C:\Users\user\AppData\Local\Temp\ccSPq1AH.ltrans1.ltrans.o
Vector68                                          C:\Users\user\AppData\Local\Temp\ccSPq1AH.ltrans0.ltrans.o
                                                  build/obj/vectors.o (symbol from plugin)
                                                  C:\Users\user\AppData\Local\Temp\ccSPq1AH.ltrans1.ltrans.o
Vector6C                                          C:\Users\user\AppData\Local\Temp\ccSPq1AH.ltrans0.ltrans.o
                                                  build/obj/stm32_dma.o (symbol from plugin)
                                                  build/obj/vectors.o (symbol from plugin)
                                                  C:\Users\user\AppData\Local\Temp\ccSPq1AH.ltrans1.ltrans.o
Vector70                                          C:\Users\user\AppData\Local\Temp\ccSPq1AH.ltrans0.ltrans.o
                                                  build/obj/stm32_dma.o (symbol from plugin)
                                                  build/obj/vectors.o (symbol from plugin)
                                                  C:\Users\user\AppData\Local\Temp\ccSPq1AH.ltrans1.ltrans.o
Vector74                                          C:\Users\user\AppData\Local\Temp\ccSPq1AH.ltrans0.ltrans.o
                                                  build/obj/stm32_dma.o (symbol from plugin)
                                                  build/obj/vectors.o (symbol from plugin)
                                                  C:\Users\user\AppData\Local\Temp\ccSPq1AH.ltrans1.ltrans.o
Vector78                                          C:\Users\user\AppData\Local\Temp\ccSPq1AH.ltrans0.ltrans.o
                                                  build/obj/stm32_dma.o (symbol from plugin)
                                                  build/obj/vectors.o (symbol from plugin)
                                                  C:\Users\user\AppData\Local\Temp\ccSPq1AH.ltrans1.ltrans.o
Vector7C                                          C:\Users\user\AppData\Local\Temp\ccSPq1AH.ltrans0.ltrans.o
                                                  build/obj/stm32_dma.o (symbol from plugin)
                                                  build/obj/vectors.o (symbol from plugin)
                                                  C:\Users\user\AppData\Local\Temp\ccSPq1AH.ltrans1.ltrans.o
Vector80                                          C:\Users\user\AppData\Local\Temp\ccSPq1AH.ltrans0.ltrans.o
                                                  build/obj/stm32_dma.o (symbol from plugin)
                                                  build/obj/vectors.o (symbol from plugin)
                                                  C:\Users\user\AppData\Local\Temp\ccSPq1AH.ltrans1.ltrans.o
Vector84                                          C:\Users\user\AppData\Local\Temp\ccSPq1AH.ltrans0.ltrans.o
                                                  build/obj/stm32_dma.o (symbol from plugin)
                                                  build/obj/vectors.o (symbol from plugin)
                                                  C:\Users\user\AppData\Local\Temp\ccSPq1AH.ltrans1.ltrans.o
Vector88                                          C:\Users\user\AppData\Local\Temp\ccSPq1AH.ltrans0.ltrans.o
                                                  build/obj/hal_adc_lld.o (symbol from plugin)
                                                  build/obj/vectors.o (symbol from plugin)
                                                  C:\Users\user\AppData\Local\Temp\ccSPq1AH.ltrans1.ltrans.o
Vector8C                                          C:\Users\user\AppData\Local\Temp\ccSPq1AH.ltrans0.ltrans.o
                                                  build/obj/vectors.o (symbol from plugin)
                                                  C:\Users\user\AppData\Local\Temp\ccSPq1AH.ltrans1.ltrans.o
Vector90                                          C:\Users\user\AppData\Local\Temp\ccSPq1AH.ltrans0.ltrans.o
                                                  build/obj/vectors.o (symbol from plugin)
                                                  C:\Users\user\AppData\Local\Temp\ccSPq1AH.ltrans1.ltrans.o
Vector94                                          C:\Users\user\AppData\Local\Temp\ccSPq1AH.ltrans0.ltrans.o
                                                  build/obj/vectors.o (symbol from plugin)
                                                  C:\Users\user\AppData\Local\Temp\ccSPq1AH.ltrans1.ltrans.o
Vector98                                          C:\Users\user\AppData\Local\Temp\ccSPq1AH.ltrans0.ltrans.o
                                                  build/obj/vectors.o (symbol from plugin)
                                                  C:\Users\user\AppData\Local\Temp\ccSPq1AH.ltrans1.ltrans.o
Vector9C                                          C:\Users\user\AppData\Local\Temp\ccSPq1AH.ltrans0.ltrans.o
                                                  build/obj/vectors.o (symbol from plugin)
                                                  C:\Users\user\AppData\Local\Temp\ccSPq1AH.ltrans1.ltrans.o
VectorA0                                          C:\Users\user\AppData\Local\Temp\ccSPq1AH.ltrans0.ltrans.o
                                                  build/obj/vectors.o (symbol from plugin)
                                                  C:\Users\user\AppData\Local\Temp\ccSPq1AH.ltrans1.ltrans.o
VectorA4                                          C:\Users\user\AppData\Local\Temp\ccSPq1AH.ltrans0.ltrans.o
                                                  build/obj/vectors.o (symbol from plugin)
                                                  C:\Users\user\AppData\Local\Temp\ccSPq1AH.ltrans1.ltrans.o
VectorA8                                          C:\Users\user\AppData\Local\Temp\ccSPq1AH.ltrans0.ltrans.o
                                                  build/obj/vectors.o (symbol from plugin)
                                                  C:\Users\user\AppData\Local\Temp\ccSPq1AH.ltrans1.ltrans.o
VectorAC                                          C:\Users\user\AppData\Local\Temp\ccSPq1AH.ltrans0.ltrans.o
                                                  build/obj/vectors.o (symbol from plugin)
                                                  C:\Users\user\AppData\Local\Temp\ccSPq1AH.ltrans1.ltrans.o
VectorB0                                          build/obj/hal_st_lld.o (symbol from plugin)
                                                  build/obj/vectors.o (symbol from plugin)
VectorB4                                          C:\Users\user\AppData\Local\Temp\ccSPq1AH.ltrans0.ltrans.o
                                                  build/obj/vectors.o (symbol from plugin)
                                                  C:\Users\user\AppData\Local\Temp\ccSPq1AH.ltrans1.ltrans.o
VectorB8                                          build/obj/hal_gpt_lld.o (symbol from plugin)
                                                  build/obj/vectors.o (symbol from plugin)
VectorBC                                          C:\Users\user\AppData\Local\Temp\ccSPq1AH.ltrans0.ltrans.o
                                                  build/obj/vectors.o (symbol from plugin)
                                                  C:\Users\user\AppData\Local\Temp\ccSPq1AH.ltrans1.ltrans.o
VectorC0                                          C:\Users\user\AppData\Local\Temp\ccSPq1AH.ltrans0.ltrans.o
                                                  build/obj/vectors.o (symbol from plugin)
                                                  C:\Users\user\AppData\Local\Temp\ccSPq1AH.ltrans1.ltrans.o
VectorC4                                          C:\Users\user\AppData\Local\Temp\ccSPq1AH.ltrans0.ltrans.o
                                                  build/obj/vectors.o (symbol from plugin)
                                                  C:\Users\user\AppData\Local\Temp\ccSPq1AH.ltrans1.ltrans.o
VectorC8                                          C:\Users\user\AppData\Local\Temp\ccSPq1AH.ltrans0.ltrans.o
                                                  build/obj/vectors.o (symbol from plugin)
                                                  C:\Users\user\AppData\Local\Temp\ccSPq1AH.ltrans1.ltrans.o
VectorCC                                          C:\Users\user\AppData\Local\Temp\ccSPq1AH.ltrans0.ltrans.o
                                                  build/obj/vectors.o (symbol from plugin)
                                                  C:\Users\user\AppData\Local\Temp\ccSPq1AH.ltrans1.ltrans.o
VectorD0                                          C:\Users\user\AppData\Local\Temp\ccSPq1AH.ltrans0.ltrans.o
                                                  build/obj/vectors.o (symbol from plugin)
                                                  C:\Users\user\AppData\Local\Temp\ccSPq1AH.ltrans1.ltrans.o
VectorD4                                          C:\Users\user\AppData\Local\Temp\ccSPq1AH.ltrans0.ltrans.o
                                                  build/obj/vectors.o (symbol from plugin)
                                                  C:\Users\user\AppData\Local\Temp\ccSPq1AH.ltrans1.ltrans.o
VectorD8                                          build/obj/hal_serial_lld.o (symbol from plugin)
                                                  build/obj/vectors.o (symbol from plugin)
VectorDC                                          C:\Users\user\AppData\Local\Temp\ccSPq1AH.ltrans0.ltrans.o
                                                  build/obj/vectors.o (symbol from plugin)
                                                  C:\Users\user\AppData\Local\Temp\ccSPq1AH.ltrans1.ltrans.o
VectorE0                                          C:\Users\user\AppData\Local\Temp\ccSPq1AH.ltrans0.ltrans.o
                                                  build/obj/vectors.o (symbol from plugin)
                                                  C:\Users\user\AppData\Local\Temp\ccSPq1AH.ltrans1.ltrans.o
VectorE4                                          C:\Users\user\AppData\Local\Temp\ccSPq1AH.ltrans0.ltrans.o
                                                  build/obj/vectors.o (symbol from plugin)
                                                  C:\Users\user\AppData\Local\Temp\ccSPq1AH.ltrans1.ltrans.o
VectorE8                                          C:\Users\user\AppData\Local\Temp\ccSPq1AH.ltrans0.ltrans.o
                                                  build/obj/vectors.o (symbol from plugin)
                                                  C:\Users\user\AppData\Local\Temp\ccSPq1AH.ltrans1.ltrans.o
VectorEC                                          C:\Users\user\AppData\Local\Temp\ccSPq1AH.ltrans0.ltrans.o
                                                  build/obj/vectors.o (symbol from plugin)
                                                  C:\Users\user\AppData\Local\Temp\ccSPq1AH.ltrans1.ltrans.o
VectorF0                                          C:\Users\user\AppData\Local\Temp\ccSPq1AH.ltrans0.ltrans.o
                                                  build/obj/vectors.o (symbol from plugin)
                                                  C:\Users\user\AppData\Local\Temp\ccSPq1AH.ltrans1.ltrans.o
VectorF4                                          C:\Users\user\AppData\Local\Temp\ccSPq1AH.ltrans0.ltrans.o
                                                  build/obj/vectors.o (symbol from plugin)
                                                  C:\Users\user\AppData\Local\Temp\ccSPq1AH.ltrans1.ltrans.o
VectorF8                                          C:\Users\user\AppData\Local\Temp\ccSPq1AH.ltrans0.ltrans.o
                                                  build/obj/vectors.o (symbol from plugin)
                                                  C:\Users\user\AppData\Local\Temp\ccSPq1AH.ltrans1.ltrans.o
VectorFC                                          C:\Users\user\AppData\Local\Temp\ccSPq1AH.ltrans0.ltrans.o
                                                  build/obj/stm32_dma.o (symbol from plugin)
[...]
chSysRestoreStatusX                               build/obj/chsys.o (symbol from plugin)
chSysTimerHandlerI                                build/obj/chsys.o (symbol from plugin)
                                                  build/obj/hal_st_lld.o (symbol from plugin)
chTMChainMeasurementToX                           build/obj/chtm.o (symbol from plugin)
chTMObjectInit                                    build/obj/chtm.o (symbol from plugin)
chTMStartMeasurementX                             build/obj/chtm.o (symbol from plugin)
chTMStartMeasurementX.constprop.31                C:\Users\user\AppData\Local\Temp\ccSPq1AH.ltrans2.ltrans.o
                                                  C:\Users\user\AppData\Local\Temp\ccSPq1AH.ltrans1.ltrans.o
chTMStopMeasurementX                              C:\Users\user\AppData\Local\Temp\ccSPq1AH.ltrans0.ltrans.o
                                                  build/obj/chtm.o (symbol from plugin)
                                                  C:\Users\user\AppData\Local\Temp\ccSPq1AH.ltrans1.ltrans.o
chThdAddRef                                       build/obj/chthreads.o (symbol from plugin)
chThdCreate                                       build/obj/chthreads.o (symbol from plugin)
                                                  build/obj/chsys.o (symbol from plugin)
chThdCreateFromHeap                               build/obj/chdynamic.o (symbol from plugin)
chThdCreateFromMemoryPool                         build/obj/chdynamic.o (symbol from plugin)
chThdCreateI                                      build/obj/chthreads.o (symbol from plugin)
chThdCreateStatic                                 build/obj/chthreads.o (symbol from plugin)
chThdCreateSuspended                              build/obj/chthreads.o (symbol from plugin)
chThdCreateSuspendedI                             build/obj/chthreads.o (symbol from plugin)
                                                  build/obj/chdynamic.o (symbol from plugin)
chThdDequeueAllI                                  build/obj/chthreads.o (symbol from plugin)
                                                  build/obj/hal_queues.o (symbol from plugin)
                                                  build/obj/hal_buffers.o (symbol from plugin)
                                                  build/obj/chmboxes.o (symbol from plugin)
chThdDequeueNextI                                 build/obj/chthreads.o (symbol from plugin)
                                                  build/obj/hal_queues.o (symbol from plugin)
                                                  build/obj/hal_buffers.o (symbol from plugin)
                                                  build/obj/chmboxes.o (symbol from plugin)
chThdEnqueueTimeoutS                              build/obj/chthreads.o (symbol from plugin)
                                                  build/obj/hal_queues.o (symbol from plugin)
                                                  build/obj/hal_buffers.o (symbol from plugin)
                                                  build/obj/chmboxes.o (symbol from plugin)
chThdExit                                         C:\Users\user\AppData\Local\Temp\ccSPq1AH.ltrans0.ltrans.o
                                                  build/obj/chthreads.o (symbol from plugin)
                                                  build/obj/chcoreasm_v7m.o
chThdExitS                                        build/obj/chthreads.o (symbol from plugin)
chThdRelease                                      build/obj/chthreads.o (symbol from plugin)
                                                  build/obj/chregistry.o (symbol from plugin)
chThdResume                                       build/obj/chthreads.o (symbol from plugin)
chThdResumeI                                      build/obj/chthreads.o (symbol from plugin)
                                                  build/obj/hal_adc_lld.o (symbol from plugin)
                                                  build/obj/hal_adc.o (symbol from plugin)
chThdResumeS                                      build/obj/chthreads.o (symbol from plugin)
                                                  build/obj/hal_adc.o (symbol from plugin)
chThdSetPriority                                  build/obj/chthreads.o (symbol from plugin)
chThdSleep                                        build/obj/chthreads.o (symbol from plugin)
                                                  build/obj/main.o (symbol from plugin)
chThdSleepUntil                                   build/obj/chthreads.o (symbol from plugin)
chThdSleepUntilWindowed                           build/obj/chthreads.o (symbol from plugin)
chThdStart                                        build/obj/chthreads.o (symbol from plugin)
chThdSuspendS                                     build/obj/chthreads.o (symbol from plugin)
                                                  build/obj/hal_adc.o (symbol from plugin)
chThdSuspendTimeoutS                              build/obj/chthreads.o (symbol from plugin)
chThdTerminate                                    build/obj/chthreads.o (symbol from plugin)
chThdWait                                         build/obj/chthreads.o (symbol from plugin)
chThdYield                                        build/obj/chthreads.o (symbol from plugin)
chVTDoResetI                                      build/obj/chvt.o (symbol from plugin)
                                                  build/obj/chschd.o (symbol from plugin)
chVTDoSetI                                        build/obj/chvt.o (symbol from plugin)
                                                  build/obj/chschd.o (symbol from plugin)
ch_debug                                          build/obj/chregistry.o (symbol from plugin)
                                                  build/obj/chsys.o (symbol from plugin)
ch_idle_thread_wa                                 build/obj/chsys.o (symbol from plugin)
chprintf                                          build/obj/chprintf.o (symbol from plugin)
                                                  build/obj/main.o (symbol from plugin)
chprintf.constprop.0                              C:\Users\user\AppData\Local\Temp\ccSPq1AH.ltrans2.ltrans.o
                                                  C:\Users\user\AppData\Local\Temp\ccSPq1AH.ltrans1.ltrans.o
chsnprintf                                        build/obj/chprintf.o (symbol from plugin)
chvprintf                                         build/obj/chprintf.o (symbol from plugin)
dmaInit                                           build/obj/stm32_dma.o (symbol from plugin)
                                                  build/obj/hal_lld.o (symbol from plugin)
dmaStreamAllocate                                 build/obj/stm32_dma.o (symbol from plugin)
                                                  build/obj/hal_adc_lld.o (symbol from plugin)
dmaStreamRelease                                  build/obj/stm32_dma.o (symbol from plugin)
                                                  build/obj/hal_adc_lld.o (symbol from plugin)
dma_isr_redir.lto_priv.46                         C:\Users\user\AppData\Local\Temp\ccSPq1AH.ltrans1.ltrans.o
                                                  C:\Users\user\AppData\Local\Temp\ccSPq1AH.ltrans0.ltrans.o
endmem.lto_priv.48                                C:\Users\user\AppData\Local\Temp\ccSPq1AH.ltrans1.ltrans.o
                                                  C:\Users\user\AppData\Local\Temp\ccSPq1AH.ltrans0.ltrans.o
gptChangeInterval                                 build/obj/hal_gpt.o (symbol from plugin)
gptInit                                           build/obj/hal_gpt.o (symbol from plugin)
                                                  build/obj/hal.o (symbol from plugin)
gptObjectInit                                     build/obj/hal_gpt.o (symbol from plugin)
                                                  build/obj/hal_gpt_lld.o (symbol from plugin)
gptPolledDelay                                    build/obj/hal_gpt.o (symbol from plugin)
gptStart                                          build/obj/hal_gpt.o (symbol from plugin)
                                                  build/obj/main.o (symbol from plugin)
gptStartContinuous                                build/obj/hal_gpt.o (symbol from plugin)
                                                  build/obj/main.o (symbol from plugin)
gptStartContinuousI                               build/obj/hal_gpt.o (symbol from plugin)
gptStartOneShot                                   build/obj/hal_gpt.o (symbol from plugin)
gptStartOneShotI                                  build/obj/hal_gpt.o (symbol from plugin)
gptStop                                           build/obj/hal_gpt.o (symbol from plugin)
gptStopTimer                                      build/obj/hal_gpt.o (symbol from plugin)
gptStopTimerI                                     build/obj/hal_gpt.o (symbol from plugin)
gpt_lld_init                                      build/obj/hal_gpt_lld.o (symbol from plugin)
                                                  build/obj/hal_gpt.o (symbol from plugin)
gpt_lld_polled_delay                              build/obj/hal_gpt_lld.o (symbol from plugin)
                                                  build/obj/hal_gpt.o (symbol from plugin)
gpt_lld_serve_interrupt                           build/obj/hal_gpt_lld.o (symbol from plugin)
gpt_lld_start                                     build/obj/hal_gpt_lld.o (symbol from plugin)
                                                  build/obj/hal_gpt.o (symbol from plugin)
gpt_lld_start_timer                               build/obj/hal_gpt_lld.o (symbol from plugin)
                                                  build/obj/hal_gpt.o (symbol from plugin)
gpt_lld_stop                                      build/obj/hal_gpt_lld.o (symbol from plugin)
                                                  build/obj/hal_gpt.o (symbol from plugin)
gpt_lld_stop_timer                                build/obj/hal_gpt_lld.o (symbol from plugin)
                                                  build/obj/hal_gpt.o (symbol from plugin)
halInit                                           build/obj/hal.o (symbol from plugin)
                                                  build/obj/main.o (symbol from plugin)
hal_lld_init                                      build/obj/hal_lld.o (symbol from plugin)
                                                  build/obj/hal.o (symbol from plugin)
ibqGetEmptyBufferI                                build/obj/hal_buffers.o (symbol from plugin)
ibqGetFullBufferTimeout                           build/obj/hal_buffers.o (symbol from plugin)
ibqGetFullBufferTimeoutS                          build/obj/hal_buffers.o (symbol from plugin)
ibqGetTimeout                                     build/obj/hal_buffers.o (symbol from plugin)
ibqObjectInit                                     build/obj/hal_buffers.o (symbol from plugin)
ibqPostFullBufferI                                build/obj/hal_buffers.o (symbol from plugin)
ibqReadTimeout                                    build/obj/hal_buffers.o (symbol from plugin)
ibqReleaseEmptyBuffer                             build/obj/hal_buffers.o (symbol from plugin)
ibqReleaseEmptyBufferS                            build/obj/hal_buffers.o (symbol from plugin)
ibqResetI                                         build/obj/hal_buffers.o (symbol from plugin)
iqGetTimeout                                      build/obj/hal_queues.o (symbol from plugin)
                                                  build/obj/hal_serial.o (symbol from plugin)
iqObjectInit                                      build/obj/hal_queues.o (symbol from plugin)
                                                  build/obj/hal_serial.o (symbol from plugin)
iqPutI                                            build/obj/hal_queues.o (symbol from plugin)
                                                  build/obj/hal_serial.o (symbol from plugin)
iqReadTimeout                                     build/obj/hal_queues.o (symbol from plugin)
                                                  build/obj/hal_serial.o (symbol from plugin)
iqResetI                                          build/obj/hal_queues.o (symbol from plugin)
                                                  build/obj/hal_serial.o (symbol from plugin)
main                                              C:\Users\user\AppData\Local\Temp\ccSPq1AH.ltrans1.ltrans.o
                                                  build/obj/main.o (symbol from plugin)
                                                  build/obj/crt0_v7m.o
msObjectInit                                      build/obj/memstreams.o (symbol from plugin)
                                                  build/obj/chprintf.o (symbol from plugin)
nextmem.lto_priv.47                               C:\Users\user\AppData\Local\Temp\ccSPq1AH.ltrans1.ltrans.o
                                                  C:\Users\user\AppData\Local\Temp\ccSPq1AH.ltrans0.ltrans.o
nullObjectInit                                    build/obj/nullstreams.o (symbol from plugin)
nvicClearPending                                  build/obj/nvic.o (symbol from plugin)
nvicDisableVector                                 build/obj/nvic.o (symbol from plugin)
                                                  build/obj/hal_serial_lld.o (symbol from plugin)
                                                  build/obj/hal_gpt_lld.o (symbol from plugin)
                                                  build/obj/stm32_dma.o (symbol from plugin)
nvicEnableVector                                  build/obj/nvic.o (symbol from plugin)
                                                  build/obj/hal_serial_lld.o (symbol from plugin)
                                                  build/obj/hal_gpt_lld.o (symbol from plugin)
                                                  build/obj/hal_st_lld.o (symbol from plugin)
                                                  build/obj/stm32_dma.o (symbol from plugin)
                                                  build/obj/hal_adc_lld.o (symbol from plugin)
nvicSetSystemHandlerPriority                      build/obj/nvic.o (symbol from plugin)
obqFlush                                          build/obj/hal_buffers.o (symbol from plugin)
obqGetEmptyBufferTimeout                          build/obj/hal_buffers.o (symbol from plugin)
obqGetEmptyBufferTimeoutS                         build/obj/hal_buffers.o (symbol from plugin)
obqGetFullBufferI                                 build/obj/hal_buffers.o (symbol from plugin)
obqObjectInit                                     build/obj/hal_buffers.o (symbol from plugin)
obqPostFullBuffer                                 build/obj/hal_buffers.o (symbol from plugin)
obqPostFullBufferS                                build/obj/hal_buffers.o (symbol from plugin)
obqPutTimeout                                     build/obj/hal_buffers.o (symbol from plugin)
obqReleaseEmptyBufferI                            build/obj/hal_buffers.o (symbol from plugin)
obqResetI                                         build/obj/hal_buffers.o (symbol from plugin)
obqTryFlushI                                      build/obj/hal_buffers.o (symbol from plugin)
obqWriteTimeout                                   build/obj/hal_buffers.o (symbol from plugin)
oqGetI                                            build/obj/hal_queues.o (symbol from plugin)
                                                  build/obj/hal_serial_lld.o (symbol from plugin)
                                                  build/obj/hal_serial.o (symbol from plugin)
oqObjectInit                                      build/obj/hal_queues.o (symbol from plugin)
                                                  build/obj/hal_serial.o (symbol from plugin)
oqPutTimeout                                      build/obj/hal_queues.o (symbol from plugin)
                                                  build/obj/hal_serial.o (symbol from plugin)
oqResetI                                          build/obj/hal_queues.o (symbol from plugin)
                                                  build/obj/hal_serial.o (symbol from plugin)
oqWriteTimeout                                    build/obj/hal_queues.o (symbol from plugin)
                                                  build/obj/hal_serial.o (symbol from plugin)
palReadBus                                        build/obj/hal_pal.o (symbol from plugin)
palSetBusMode                                     build/obj/hal_pal.o (symbol from plugin)
palWriteBus                                       build/obj/hal_pal.o (symbol from plugin)
pal_default_config                                build/obj/board.o (symbol from plugin)
                                                  build/obj/hal.o (symbol from plugin)
sdGetWouldBlock                                   build/obj/hal_serial.o (symbol from plugin)
sdIncomingDataI                                   build/obj/hal_serial.o (symbol from plugin)
                                                  build/obj/hal_serial_lld.o (symbol from plugin)
sdInit                                            build/obj/hal_serial.o (symbol from plugin)
                                                  build/obj/hal.o (symbol from plugin)
sdObjectInit                                      build/obj/hal_serial.o (symbol from plugin)
                                                  build/obj/hal_serial_lld.o (symbol from plugin)
sdPutWouldBlock                                   build/obj/hal_serial.o (symbol from plugin)
sdRequestDataI                                    build/obj/hal_serial.o (symbol from plugin)
sdStart                                           build/obj/hal_serial.o (symbol from plugin)
                                                  build/obj/main.o (symbol from plugin)
sdStop                                            build/obj/hal_serial.o (symbol from plugin)
sd_lld_init                                       build/obj/hal_serial_lld.o (symbol from plugin)
                                                  build/obj/hal_serial.o (symbol from plugin)
sd_lld_start                                      build/obj/hal_serial_lld.o (symbol from plugin)
                                                  build/obj/hal_serial.o (symbol from plugin)
sd_lld_stop                                       build/obj/hal_serial_lld.o (symbol from plugin)
                                                  build/obj/hal_serial.o (symbol from plugin)
stGetAlarm                                        build/obj/hal_st.o (symbol from plugin)
stInit                                            build/obj/hal_st.o (symbol from plugin)
                                                  build/obj/hal.o (symbol from plugin)
stSetAlarm                                        build/obj/hal_st.o (symbol from plugin)
                                                  build/obj/chvt.o (symbol from plugin)
                                                  build/obj/chsys.o (symbol from plugin)
stStartAlarm                                      build/obj/hal_st.o (symbol from plugin)
                                                  build/obj/chvt.o (symbol from plugin)
stStopAlarm                                       build/obj/hal_st.o (symbol from plugin)
                                                  build/obj/chvt.o (symbol from plugin)
                                                  build/obj/chsys.o (symbol from plugin)
st_lld_init                                       build/obj/hal_st_lld.o (symbol from plugin)
                                                  build/obj/hal_st.o (symbol from plugin)
stm32_clock_init                                  build/obj/hal_lld.o (symbol from plugin)
                                                  build/obj/board.o (symbol from plugin)
